// Jest Snapshot v1, https://goo.gl/fbAQLP

exports[`should open a modal with the repository form 1`] = `
<AppRepoAddButton
  createDockerRegistrySecret={[Function]}
  errors={Object {}}
  fetchImagePullSecrets={[Function]}
  imagePullSecrets={Array []}
  kubeappsNamespace="kubeapps"
  namespace="kubeapps"
  onSubmit={[Function]}
  validate={[Function]}
  validating={false}
>
  <button
    className="button "
    onClick={[Function]}
  >
    Add App Repository
  </button>
  <Modal
    ariaHideApp={true}
    bodyOpenClassName="ReactModal__Body--open"
    closeTimeoutMS={0}
    contentLabel="Modal"
    isOpen={true}
    onRequestClose={[Function]}
    parentSelector={[Function]}
    portalClassName="ReactModalPortal"
    role="dialog"
    shouldCloseOnEsc={true}
    shouldCloseOnOverlayClick={true}
    shouldFocusAfterRender={true}
    shouldReturnFocusAfterClose={true}
  >
    <Portal
      containerInfo={
        <div
          class="ReactModalPortal"
        >
          <div
            class="ReactModal__Overlay ReactModal__Overlay--after-open"
            style="position: fixed; top: 0px; left: 0px; right: 0px; bottom: 0px; background-color: rgba(255, 255, 255, 0.75);"
          >
            <div
              style="position: absolute; top: 40px; left: 40px; right: 40px; bottom: 40px; border: 1px solid #ccc; background: rgb(255, 255, 255); overflow: auto; border-radius: 4px; outline: none; padding: 20px;"
              class="ReactModal__Content ReactModal__Content--after-open"
              tabindex="-1"
              role="dialog"
              aria-label="Modal"
            >
              <form
                class="container padding-b-bigger"
              >
                <div
                  class="row"
                >
                  <div
                    class="col-12"
                  >
                    <div>
                      <h2>
                        Add an App Repository
                      </h2>
                    </div>
                    <div>
                      <label
                        for="kubeapps-repo-name"
                      >
                        Name:
                      </label>
                      <input
                        type="text"
                        id="kubeapps-repo-name"
                        placeholder="example"
                        required=""
                        pattern="[a-z0-9]([-a-z0-9]*[a-z0-9])?(\\.[a-z0-9]([-a-z0-9]*[a-z0-9])?)*"
                        title="Use lower case alphanumeric characters, '-' or '.'"
                        value=""
                      />
                    </div>
                    <div>
                      <label
                        for="kubeapps-repo-url"
                      >
                        URL:
                      </label>
                      <input
                        type="url"
                        id="kubeapps-repo-url"
                        placeholder="https://charts.example.com/stable"
                        required=""
                        value=""
                      />
                    </div>
                    <div>
                      <p
                        class="margin-b-small"
                      >
                        Repository Authorization (optional):
                      </p>
                      <span
                        class="AppRepoInputDescription"
                      >
                        Introduce the credentials to access the Chart repository if authentication is enabled.
                      </span>
                      <div
                        class="row"
                      >
                        <div
                          class="col-2"
                        >
                          <label
                            class="margin-l-big"
                            for="kubeapps-repo-auth-method-none"
                          >
                            <input
                              type="radio"
                              id="kubeapps-repo-auth-method-none"
                              name="auth"
                              value="none"
                              checked=""
                            />
                            None
                            <br />
                          </label>
                          <label
                            for="kubeapps-repo-auth-method-basic"
                          >
                            <input
                              type="radio"
                              id="kubeapps-repo-auth-method-basic"
                              name="auth"
                              value="basic"
                            />
                            Basic Auth
                            <br />
                          </label>
                          <label
                            for="kubeapps-repo-auth-method-bearer"
                          >
                            <input
                              type="radio"
                              id="kubeapps-repo-auth-method-bearer"
                              name="auth"
                              value="bearer"
                            />
                            Bearer Token
                            <br />
                          </label>
                          <label
                            for="kubeapps-repo-auth-method-custom"
                          >
                            <input
                              type="radio"
                              id="kubeapps-repo-auth-method-custom"
                              name="auth"
                              value="custom"
                            />
                            Custom
                            <br />
                          </label>
                        </div>
                        <div
                          class="col-10"
                          aria-live="polite"
                        >
                          <div
                            hidden=""
                            class="secondary-input"
                          >
                            <label
                              for="kubeapps-repo-username"
                            >
                              Username
                            </label>
                            <input
                              type="text"
                              id="kubeapps-repo-username"
                              placeholder="Username"
                              value=""
                            />
                            <label
                              for="kubeapps-repo-password"
                            >
                              Password
                            </label>
                            <input
                              type="password"
                              id="kubeapps-repo-password"
                              placeholder="Password"
                              value=""
                            />
                          </div>
                          <div
                            hidden=""
                            class="secondary-input"
                          >
                            <label
                              for="kubeapps-repo-token"
                            >
                              Token
                            </label>
                            <input
                              id="kubeapps-repo-token"
                              type="text"
                              value=""
                            />
                          </div>
                          <div
                            hidden=""
                            class="secondary-input"
                          >
                            <label
                              for="kubeapps-repo-custom-header"
                            >
                              Complete Authorization Header
                            </label>
                            <input
                              type="text"
                              id="kubeapps-repo-custom-header"
                              placeholder="Bearer xrxNcWghpRLdcPHFgVRM73rr4N7qjvjm"
                              value=""
                            />
                          </div>
                        </div>
                      </div>
                    </div>
                    <div
                      class="margin-t-big"
                    >
                      <label>
                        <span>
                          Custom CA Certificate (optional):
                        </span>
                        <pre
                          class="CodeContainer"
                        >
                          <textarea
                            class="Code"
                            rows="4"
                            placeholder="-----BEGIN CERTIFICATE-----
                          ...
                          -----END CERTIFICATE-----"
                          />
                        </pre>
                      </label>
                    </div>
                    <div>
                      <label
                        for="syncJobPodTemplate"
                      >
                        Custom Sync Job Template (optional)
                      </label>
                      <a
                        data-tip="true"
                        data-for="syncJobHelp"
                        currentitem="false"
                      >
                        <svg
                          xmlns="http://www.w3.org/2000/svg"
                          width="24"
                          height="24"
                          viewBox="0 0 24 24"
                          fill="#5F6369"
                          stroke="white"
                          stroke-width="2"
                          stroke-linecap="round"
                          stroke-linejoin="round"
                          class="icon"
                        >
                          <circle
                            cx="12"
                            cy="12"
                            r="10"
                          />
                          <path
                            d="M9.09 9a3 3 0 0 1 5.83 1c0 2-3 3-3 3"
                          />
                          <line
                            x1="12"
                            y1="17"
                            x2="12"
                            y2="17"
                          />
                        </svg>
                      </a>
                      <div
                        class="__react_component_tooltip place-top type-dark "
                        id="syncJobHelp"
                        data-id="tooltip"
                      >
                        <span>
                          It's possible to modify the default sync job. More info
                          <a
                            target="_blank"
                            href="https://github.com/kubeapps/kubeapps/blob/master/docs/user/private-app-repository.md#modifying-the-synchronization-job"
                          >
                            here
                          </a>
                          <br />
                          When modifying the default sync job, the pre-validation is not supported.
                        </span>
                      </div>
                      <pre
                        class="CodeContainer"
                      >
                        <textarea
                          id="syncJobPodTemplate"
                          class="Code"
                          rows="4"
                          placeholder="spec:
                          containers:
                          - env:
                            - name: FOO
                              value: BAR
                        "
                        />
                      </pre>
                    </div>
                    <div
                      class="margin-b-normal"
                    >
                      <strong>
                        NOTE:
                      </strong>
                      This App Repository will be created in the "
                      kubeapps
                      " namespace and charts will be available in all namespaces for installation.
                    </div>
                    <div>
                      <button
                        class="button button-primary"
                        type="submit"
                      >
                        Install Repo 
                      </button>
                    </div>
                  </div>
                </div>
              </form>
            </div>
          </div>
        </div>
      }
    >
      <ModalPortal
        ariaHideApp={true}
        bodyOpenClassName="ReactModal__Body--open"
        closeTimeoutMS={0}
        contentLabel="Modal"
        defaultStyles={
          Object {
            "content": Object {
              "WebkitOverflowScrolling": "touch",
              "background": "#fff",
              "border": "1px solid #ccc",
              "borderRadius": "4px",
              "bottom": "40px",
              "left": "40px",
              "outline": "none",
              "overflow": "auto",
              "padding": "20px",
              "position": "absolute",
              "right": "40px",
              "top": "40px",
            },
            "overlay": Object {
              "backgroundColor": "rgba(255, 255, 255, 0.75)",
              "bottom": 0,
              "left": 0,
              "position": "fixed",
              "right": 0,
              "top": 0,
            },
          }
        }
        isOpen={true}
        onRequestClose={[Function]}
        parentSelector={[Function]}
        portalClassName="ReactModalPortal"
        role="dialog"
        shouldCloseOnEsc={true}
        shouldCloseOnOverlayClick={true}
        shouldFocusAfterRender={true}
        shouldReturnFocusAfterClose={true}
        style={
          Object {
            "content": Object {},
            "overlay": Object {},
          }
        }
      />
    </Portal>
  </Modal>
</AppRepoAddButton>
`;
